guide/index
guide/the-world
guide/connecting
guide/commands
guide/building
operating/index
operating/deployment
operating/installation
operating/configuration
operating/database
operating/authentication
operating/telnet-security
operating/ca-rotation
operating/crypto-setup
operating/operations
operating/sentry
operating/verifying-releases
extending/index
extending/getting-started
extending/plugin-guide
extending/plugin-config
extending/access-control
extending/abac-attribute-resolver
extending/event-sensitivity
extending/plugin-crypto-readback
extending/api-guide
extending/events
contributing/index
contributing/architecture
contributing/coding-standards
contributing/authentication
contributing/database-migrations
contributing/event-store
contributing/event-delivery
contributing/event-emit-pipeline
contributing/hostfunc-context-audit
contributing/lifecycle-and-health
contributing/pr-guide
contributing/sessions
reference/index
reference/access-control
reference/grpc-api
reference/events
